error: Arri requires that Enums can only be all enum or all tagged union variants. This variant violates that rule.
 --> tests/fail/cross_enum_type.rs:6:5
  |
6 |     Tagged { name: String },
  |     ^^^^^^
